// Jest Snapshot v1, https://goo.gl/fbAQLP

exports[`<App/> renders correctly 1`] = `
<div
  id="form"
>
  <div
    id="main-header"
  >
    <div
      id="url-div"
    >
      <label
        for="url"
      >
        URL:
      </label>
      <input
        id="url"
      />
      <button
        onClick={[Function]}
      >
        GO!
      </button>
      <div
        id="header"
      >
        <label>
           Header
        </label>
        <br />
        <label
          for="Basic"
        >
          Basic
        </label>
        <input
          checked={true}
          id="Basic"
          name="auth"
          onChange={[Function]}
          type="radio"
          value="Basic"
        />
        <label
          for="Bearer"
        >
          Bearer
        </label>
        <input
          id="Bearer"
          name="auth"
          onChange={[Function]}
          type="radio"
          value="Bearer"
        />
        <br />
        <input
          id="headerValue"
          onChange={[Function]}
        />
      </div>
      <label
        id="textarea"
      >
        Body
        <textarea
          cols="50"
          onChange={[Function]}
          rows="4"
        />
      </label>
    </div>
    <div
      id="buttons"
    >
      <button
        class="aqua"
        id="GET"
        onClick={[Function]}
      >
        GET
      </button>
      <button
        id="POST"
        onClick={[Function]}
      >
        POST
      </button>
      <button
        id="PUT"
        onClick={[Function]}
      >
        PUT
      </button>
      <button
        id="DELETE"
        onClick={[Function]}
      >
        DELETE
      </button>
    </div>
  </div>
</div>
`;

exports[`<routes/> renders correctly 1`] = `
<div
  id="form"
>
  <div
    id="main-header"
  >
    <div
      id="url-div"
    >
      <label
        for="url"
      >
        URL:
      </label>
      <input
        id="url"
      />
      <button
        onClick={[Function]}
      >
        GO!
      </button>
      <div
        id="header"
      >
        <label>
           Header
        </label>
        <br />
        <label
          for="Basic"
        >
          Basic
        </label>
        <input
          checked={true}
          id="Basic"
          name="auth"
          onChange={[Function]}
          type="radio"
          value="Basic"
        />
        <label
          for="Bearer"
        >
          Bearer
        </label>
        <input
          id="Bearer"
          name="auth"
          onChange={[Function]}
          type="radio"
          value="Bearer"
        />
        <br />
        <input
          id="headerValue"
          onChange={[Function]}
        />
      </div>
      <label
        id="textarea"
      >
        Body
        <textarea
          cols="50"
          onChange={[Function]}
          rows="4"
        />
      </label>
    </div>
    <div
      id="buttons"
    >
      <button
        class="aqua"
        id="GET"
        onClick={[Function]}
      >
        GET
      </button>
      <button
        id="POST"
        onClick={[Function]}
      >
        POST
      </button>
      <button
        id="PUT"
        onClick={[Function]}
      >
        PUT
      </button>
      <button
        id="DELETE"
        onClick={[Function]}
      >
        DELETE
      </button>
    </div>
  </div>
</div>
`;
